

================================================================
== Vivado HLS Report for 'dut_update_knn'
================================================================
* Date:           Tue Oct  3 15:12:29 2017

* Version:        2016.2 (Build 1577090 on Thu Jun 02 16:59:10 MDT 2016)
* Project:        digitrec.prj
* Solution:       solution1
* Product family: zynq
* Target device:  xc7z020clg484-1


================================================================
== Performance Estimates
================================================================
+ Timing (ns): 
    * Summary: 
    +--------+-------+----------+------------+
    |  Clock | Target| Estimated| Uncertainty|
    +--------+-------+----------+------------+
    |ap_clk  |  10.00|      4.33|        1.25|
    +--------+-------+----------+------------+

+ Latency (clock cycles): 
    * Summary: 
    +-----+-----+-----+-----+---------+
    |  Latency  |  Interval | Pipeline|
    | min | max | min | max |   Type  |
    +-----+-----+-----+-----+---------+
    |   57|   57|   57|   57|   none  |
    +-----+-----+-----+-----+---------+

    + Detail: 
        * Instance: 
        N/A

        * Loop: 
        +----------+-----+-----+----------+-----------+-----------+------+----------+
        |          |  Latency  | Iteration|  Initiation Interval  | Trip |          |
        | Loop Name| min | max |  Latency |  achieved |   target  | Count| Pipelined|
        +----------+-----+-----+----------+-----------+-----------+------+----------+
        |- Loop 1  |   49|   49|         1|          -|          -|    49|    no    |
        |- Loop 2  |    6|    6|         2|          -|          -|     3|    no    |
        +----------+-----+-----+----------+-----------+-----------+------+----------+



================================================================
== Utilization Estimates
================================================================
* Summary: 
+-----------------+---------+-------+--------+-------+
|       Name      | BRAM_18K| DSP48E|   FF   |  LUT  |
+-----------------+---------+-------+--------+-------+
|DSP              |        -|      -|       -|      -|
|Expression       |        -|      -|       0|    101|
|FIFO             |        -|      -|       -|      -|
|Instance         |        -|      -|       -|      -|
|Memory           |        -|      -|       -|      -|
|Multiplexer      |        -|      -|       -|     20|
|Register         |        -|      -|      82|      -|
+-----------------+---------+-------+--------+-------+
|Total            |        0|      0|      82|    121|
+-----------------+---------+-------+--------+-------+
|Available        |      280|    220|  106400|  53200|
+-----------------+---------+-------+--------+-------+
|Utilization (%)  |        0|      0|   ~0   |   ~0  |
+-----------------+---------+-------+--------+-------+

+ Detail: 
    * Instance: 
    N/A

    * DSP48: 
    N/A

    * Memory: 
    N/A

    * FIFO: 
    N/A

    * Expression: 
    +---------------------+----------+-------+---+----+------------+------------+
    |    Variable Name    | Operation| DSP48E| FF| LUT| Bitwidth P0| Bitwidth P1|
    +---------------------+----------+-------+---+----+------------+------------+
    |dist_V_fu_169_p2     |     +    |      0|  0|   6|           6|           6|
    |i_1_fu_181_p2        |     +    |      0|  0|   2|           2|           1|
    |i_fu_152_p2          |     +    |      0|  0|   6|           6|           1|
    |tmp_2_fu_200_p2      |     +    |      0|  0|   6|           6|           6|
    |tmp_1_fu_126_p2      |     -    |      0|  0|   6|           6|           6|
    |exitcond1_fu_146_p2  |   icmp   |      0|  0|   3|           6|           5|
    |exitcond_fu_175_p2   |   icmp   |      0|  0|   1|           2|           2|
    |tmp_4_fu_190_p2      |   icmp   |      0|  0|   1|           2|           1|
    |tmp_6_fu_210_p2      |   icmp   |      0|  0|   3|           6|           6|
    |r_V_fu_136_p2        |    xor   |      0|  0|  67|          49|          49|
    +---------------------+----------+-------+---+----+------------+------------+
    |Total                |          |      0|  0| 101|          91|          83|
    +---------------------+----------+-------+---+----+------------+------------+

    * Multiplexer: 
    +--------------------------+----+-----------+-----+-----------+
    |           Name           | LUT| Input Size| Bits| Total Bits|
    +--------------------------+----+-----------+-----+-----------+
    |ap_NS_fsm                 |   1|          5|    1|          5|
    |bvh_d_index_reg_87        |   6|          2|    6|         12|
    |i1_reg_98                 |   2|          2|    2|          4|
    |min_distances_V_address0  |   5|          3|    5|         15|
    |p_s_reg_74                |   6|          2|    6|         12|
    +--------------------------+----+-----------+-----+-----------+
    |Total                     |  20|         14|   20|         48|
    +--------------------------+----+-----------+-----+-----------+

    * Register: 
    +------------------------------+----+----+-----+-----------+
    |             Name             | FF | LUT| Bits| Const Bits|
    +------------------------------+----+----+-----+-----------+
    |ap_CS_fsm                     |   4|   0|    4|          0|
    |bvh_d_index_reg_87            |   6|   0|    6|          0|
    |i1_reg_98                     |   2|   0|    2|          0|
    |i_1_reg_254                   |   2|   0|    2|          0|
    |min_distances_V_addr_reg_263  |   5|   0|    5|          0|
    |p_1_fu_40                     |   1|   0|    2|          1|
    |p_s_reg_74                    |   6|   0|    6|          0|
    |r_V_reg_226                   |  49|   0|   49|          0|
    |tmp_1_reg_221                 |   6|   0|    6|          0|
    |tmp_4_reg_259                 |   1|   0|    1|          0|
    +------------------------------+----+----+-----+-----------+
    |Total                         |  82|   0|   83|          1|
    +------------------------------+----+----+-----+-----------+



================================================================
== Interface
================================================================
* Summary: 
+--------------------------+-----+-----+------------+-----------------+--------------+
|         RTL Ports        | Dir | Bits|  Protocol  |  Source Object  |    C Type    |
+--------------------------+-----+-----+------------+-----------------+--------------+
|ap_clk                    |  in |    1| ap_ctrl_hs |  dut_update_knn | return value |
|ap_rst                    |  in |    1| ap_ctrl_hs |  dut_update_knn | return value |
|ap_start                  |  in |    1| ap_ctrl_hs |  dut_update_knn | return value |
|ap_done                   | out |    1| ap_ctrl_hs |  dut_update_knn | return value |
|ap_idle                   | out |    1| ap_ctrl_hs |  dut_update_knn | return value |
|ap_ready                  | out |    1| ap_ctrl_hs |  dut_update_knn | return value |
|test_inst_V               |  in |   49|   ap_none  |   test_inst_V   |    scalar    |
|train_inst_V              |  in |   48|   ap_none  |   train_inst_V  |    scalar    |
|min_distances_V_address0  | out |    5|  ap_memory | min_distances_V |     array    |
|min_distances_V_ce0       | out |    1|  ap_memory | min_distances_V |     array    |
|min_distances_V_we0       | out |    1|  ap_memory | min_distances_V |     array    |
|min_distances_V_d0        | out |    6|  ap_memory | min_distances_V |     array    |
|min_distances_V_q0        |  in |    6|  ap_memory | min_distances_V |     array    |
|tmp_27                    |  in |    4|   ap_none  |      tmp_27     |    scalar    |
+--------------------------+-----+-----+------------+-----------------+--------------+

